CREATE EXTENSION hunspell_nn_no;
SELECT ts_lexize('norwegian_hunspell', 'kjem');
   ts_lexize   
---------------
 {kjem,kjemme}
(1 row)

SELECT ts_lexize('norwegian_hunspell', 'heiter');
  ts_lexize   
--------------
 {heite,heit}
(1 row)

SELECT ts_lexize('norwegian_hunspell', 'guten');
  ts_lexize  
-------------
 {guten,gut}
(1 row)

SELECT ts_lexize('norwegian_hunspell', 'gutar');
 ts_lexize 
-----------
 {gut}
(1 row)

SELECT ts_lexize('norwegian_hunspell', 'kyrkjene');
 ts_lexize 
-----------
 {kyrkje}
(1 row)

SELECT ts_lexize('norwegian_hunspell', 'fotballklubber');
           ts_lexize            
--------------------------------
 {fotball,klubb,fot,ball,klubb}
(1 row)

SELECT ts_lexize('norwegian_hunspell', 'klubbfotballen');
                          ts_lexize                          
-------------------------------------------------------------
 {klubbfotball,klubb,fotball,klubb,fot,balle,klubb,fot,ball}
(1 row)

SELECT ts_lexize('norwegian_hunspell', 'stavekontroll');
             ts_lexize             
-----------------------------------
 {stave,kontroll,stave,kont,rolle}
(1 row)

