CREATE EXTENSION hunspell_de_de;
SELECT ts_lexize('german_hunspell', 'überwachung');
  ts_lexize   
--------------
 {überwachen}
(1 row)

SELECT ts_lexize('german_hunspell', 'etikettierung');
   ts_lexize    
----------------
 {etikettieren}
(1 row)

SELECT ts_lexize('german_hunspell', 'vernehmen');
     ts_lexize      
--------------------
 {vernehmen,nehmen}
(1 row)

SELECT ts_lexize('german_hunspell', 'verteilen');
           ts_lexize           
-------------------------------
 {verteilen,teilen,teile,teil}
(1 row)

SELECT ts_lexize('german_hunspell', 'bereits');
 ts_lexize 
-----------
 {bereit}
(1 row)

SELECT ts_lexize('german_hunspell', 'üblichen');
 ts_lexize 
-----------
 {üblich}
(1 row)

SELECT ts_lexize('german_hunspell', 'wahrnehmung');
  ts_lexize   
--------------
 {wahrnehmen}
(1 row)

SELECT ts_lexize('german_hunspell', 'maßen');
 ts_lexize 
-----------
 {maß}
(1 row)

SELECT ts_lexize('german_hunspell', 'füße');
 ts_lexize 
-----------
 {fuß}
(1 row)

